[p.w3layouts.com/demos_new/template_demo/14-05-2022/intelligence-liberty-demo_Free/510988441/web/index.html]
[backblue.gif]
[fade.gif]
[index.html]
[m.servedby-buysellads.com/monetization.js]
[p.w3layouts.com/demos_new/template_demo/14-05-2022/intelligence-liberty-demo_Free/510988441/web/assets/css/style-liberty.css]
[p.w3layouts.com/assests/css/font-awesome.min.css]
[p.w3layouts.com/demos_new/template_demo/14-05-2022/intelligence-liberty-demo_Free/510988441/web/about.html]
[p.w3layouts.com/demos_new/template_demo/14-05-2022/intelligence-liberty-demo_Free/510988441/web/services.html]
[p.w3layouts.com/demos_new/template_demo/14-05-2022/intelligence-liberty-demo_Free/510988441/web/blog-nosidebar.html]
[p.w3layouts.com/demos_new/template_demo/14-05-2022/intelligence-liberty-demo_Free/510988441/web/blog-right-sidebar.html]
[p.w3layouts.com/demos_new/template_demo/14-05-2022/intelligence-liberty-demo_Free/510988441/web/blog-left-sidebar.html]
[p.w3layouts.com/demos_new/template_demo/14-05-2022/intelligence-liberty-demo_Free/510988441/web/blogsingle-nosidebar.html]
[p.w3layouts.com/demos_new/template_demo/14-05-2022/intelligence-liberty-demo_Free/510988441/web/blogsingle-right-sidebar.html]
[p.w3layouts.com/demos_new/template_demo/14-05-2022/intelligence-liberty-demo_Free/510988441/web/blogsingle-left-sidebar.html]
[p.w3layouts.com/demos_new/template_demo/14-05-2022/intelligence-liberty-demo_Free/510988441/web/error.html]
[p.w3layouts.com/demos_new/template_demo/14-05-2022/intelligence-liberty-demo_Free/510988441/web/email-template.html]
[p.w3layouts.com/demos_new/template_demo/14-05-2022/intelligence-liberty-demo_Free/510988441/web/landing-single.html]
[p.w3layouts.com/demos_new/template_demo/14-05-2022/intelligence-liberty-demo_Free/510988441/web/shortcodes.html]
[p.w3layouts.com/demos_new/template_demo/14-05-2022/intelligence-liberty-demo_Free/510988441/web/contact.html]
[p.w3layouts.com/demos_new/template_demo/14-05-2022/intelligence-liberty-demo_Free/510988441/web/assets/images/about.jpg]
[p.w3layouts.com/demos_new/template_demo/14-05-2022/intelligence-liberty-demo_Free/510988441/web/assets/images/about1.jpg]
[p.w3layouts.com/demos_new/template_demo/14-05-2022/intelligence-liberty-demo_Free/510988441/web/assets/images/team1.jpg]
[p.w3layouts.com/demos_new/template_demo/14-05-2022/intelligence-liberty-demo_Free/510988441/web/assets/images/team2.jpg]
[p.w3layouts.com/demos_new/template_demo/14-05-2022/intelligence-liberty-demo_Free/510988441/web/assets/images/team3.jpg]
[p.w3layouts.com/demos_new/template_demo/14-05-2022/intelligence-liberty-demo_Free/510988441/web/assets/images/team4.jpg]
[p.w3layouts.com/demos_new/template_demo/14-05-2022/intelligence-liberty-demo_Free/510988441/web/assets/images/blog1.jpg]
[p.w3layouts.com/demos_new/template_demo/14-05-2022/intelligence-liberty-demo_Free/510988441/web/assets/images/blog2.jpg]
[p.w3layouts.com/demos_new/template_demo/14-05-2022/intelligence-liberty-demo_Free/510988441/web/assets/images/blog3.jpg]
[p.w3layouts.com/cdn-cgi/scripts/5c5dd728/cloudflare-static/email-decode.min.js]
[p.w3layouts.com/demos_new/template_demo/14-05-2022/intelligence-liberty-demo_Free/510988441/web/assets/js/jquery-3.3.1.min.js]
[p.w3layouts.com/demos_new/template_demo/14-05-2022/intelligence-liberty-demo_Free/510988441/web/assets/js/theme-change.js]
[p.w3layouts.com/demos_new/template_demo/14-05-2022/intelligence-liberty-demo_Free/510988441/web/assets/js/jquery.waypoints.min.js]
[p.w3layouts.com/demos_new/template_demo/14-05-2022/intelligence-liberty-demo_Free/510988441/web/assets/js/jquery.countup.js]
[p.w3layouts.com/demos_new/template_demo/14-05-2022/intelligence-liberty-demo_Free/510988441/web/assets/js/owl.carousel.js]
[p.w3layouts.com/demos_new/template_demo/14-05-2022/intelligence-liberty-demo_Free/510988441/web/assets/js/bootstrap.min.js]
[p.w3layouts.com/cdn-cgi/challenge-platform/scripts/invisible.js]
[p.w3layouts.com/demos_new/template_demo/14-05-2022/intelligence-liberty-demo_Free/510988441/web/index.html]
[p.w3layouts.com/cdn-cgi/challenge-platform/h/g/scripts/jsd/313d8a27/invisible.js]
[p.w3layouts.com/demos_new/template_demo/14-05-2022/intelligence-liberty-demo_Free/510988441/web/assets/webfonts/fa-brands-400.eot]
[p.w3layouts.com/demos_new/template_demo/14-05-2022/intelligence-liberty-demo_Free/510988441/web/assets/webfonts/fa-brands-400.woff2]
[p.w3layouts.com/demos_new/template_demo/14-05-2022/intelligence-liberty-demo_Free/510988441/web/assets/webfonts/fa-brands-400d41d.eot]
[p.w3layouts.com/demos_new/template_demo/14-05-2022/intelligence-liberty-demo_Free/510988441/web/assets/webfonts/fa-brands-400.woff]
[p.w3layouts.com/demos_new/template_demo/14-05-2022/intelligence-liberty-demo_Free/510988441/web/assets/webfonts/fa-brands-400.ttf]
[p.w3layouts.com/demos_new/template_demo/14-05-2022/intelligence-liberty-demo_Free/510988441/web/assets/webfonts/fa-regular-400.eot]
[p.w3layouts.com/demos_new/template_demo/14-05-2022/intelligence-liberty-demo_Free/510988441/web/assets/webfonts/fa-regular-400d41d.eot]
[p.w3layouts.com/demos_new/template_demo/14-05-2022/intelligence-liberty-demo_Free/510988441/web/assets/webfonts/fa-regular-400.woff2]
[p.w3layouts.com/demos_new/template_demo/14-05-2022/intelligence-liberty-demo_Free/510988441/web/assets/webfonts/fa-regular-400.woff]
[p.w3layouts.com/demos_new/template_demo/14-05-2022/intelligence-liberty-demo_Free/510988441/web/assets/webfonts/fa-regular-400.ttf]
[p.w3layouts.com/demos_new/template_demo/14-05-2022/intelligence-liberty-demo_Free/510988441/web/assets/webfonts/fa-brands-400.svg]
[p.w3layouts.com/demos_new/template_demo/14-05-2022/intelligence-liberty-demo_Free/510988441/web/assets/webfonts/fa-regular-400.svg]
[p.w3layouts.com/demos_new/template_demo/14-05-2022/intelligence-liberty-demo_Free/510988441/web/assets/webfonts/fa-solid-900.eot]
[p.w3layouts.com/demos_new/template_demo/14-05-2022/intelligence-liberty-demo_Free/510988441/web/assets/webfonts/fa-solid-900.woff2]
[p.w3layouts.com/demos_new/template_demo/14-05-2022/intelligence-liberty-demo_Free/510988441/web/assets/webfonts/fa-solid-900d41d.eot]
[p.w3layouts.com/demos_new/template_demo/14-05-2022/intelligence-liberty-demo_Free/510988441/web/assets/webfonts/fa-solid-900.woff]
[p.w3layouts.com/demos_new/template_demo/14-05-2022/intelligence-liberty-demo_Free/510988441/web/assets/images/banner1.jpg]
[p.w3layouts.com/demos_new/template_demo/14-05-2022/intelligence-liberty-demo_Free/510988441/web/assets/webfonts/fa-solid-900.svg]
[p.w3layouts.com/demos_new/template_demo/14-05-2022/intelligence-liberty-demo_Free/510988441/web/assets/images/banner.jpg]
[p.w3layouts.com/demos_new/template_demo/14-05-2022/intelligence-liberty-demo_Free/510988441/web/assets/webfonts/fa-solid-900.ttf]
[p.w3layouts.com/demos_new/template_demo/14-05-2022/intelligence-liberty-demo_Free/510988441/web/assets/css/owl.video.play.png]
[p.w3layouts.com/demos_new/template_demo/14-05-2022/intelligence-liberty-demo_Free/510988441/web/assets/css/style-liberty.css]
[p.w3layouts.com/assests/css/font-awesome.min.css]
[p.w3layouts.com/demos_new/template_demo/14-05-2022/intelligence-liberty-demo_Free/510988441/web/assets/images/about4.jpg]
[p.w3layouts.com/demos_new/template_demo/14-05-2022/intelligence-liberty-demo_Free/510988441/web/assets/images/about3.jpg]
[p.w3layouts.com/demos_new/template_demo/14-05-2022/intelligence-liberty-demo_Free/510988441/web/assets/images/brand1.png]
[p.w3layouts.com/demos_new/template_demo/14-05-2022/intelligence-liberty-demo_Free/510988441/web/assets/images/brand2.png]
[p.w3layouts.com/demos_new/template_demo/14-05-2022/intelligence-liberty-demo_Free/510988441/web/assets/images/brand6.png]
[p.w3layouts.com/demos_new/template_demo/14-05-2022/intelligence-liberty-demo_Free/510988441/web/assets/images/brand3.png]
[p.w3layouts.com/demos_new/template_demo/14-05-2022/intelligence-liberty-demo_Free/510988441/web/assets/images/brand4.png]
[p.w3layouts.com/demos_new/template_demo/14-05-2022/intelligence-liberty-demo_Free/510988441/web/assets/images/brand5.png]
[p.w3layouts.com/demos_new/template_demo/14-05-2022/intelligence-liberty-demo_Free/510988441/web/about.html]
[p.w3layouts.com/demos_new/template_demo/14-05-2022/intelligence-liberty-demo_Free/510988441/web/assets/js/jquery.magnific-popup.min.js]
[p.w3layouts.com/demos_new/template_demo/14-05-2022/intelligence-liberty-demo_Free/510988441/web/assets/images/s1.jpg]
[p.w3layouts.com/demos_new/template_demo/14-05-2022/intelligence-liberty-demo_Free/510988441/web/assets/images/s2.jpg]
[p.w3layouts.com/demos_new/template_demo/14-05-2022/intelligence-liberty-demo_Free/510988441/web/assets/images/s3.jpg]
[p.w3layouts.com/demos_new/template_demo/14-05-2022/intelligence-liberty-demo_Free/510988441/web/assets/images/s4.jpg]
[p.w3layouts.com/demos_new/template_demo/14-05-2022/intelligence-liberty-demo_Free/510988441/web/services.html]
[p.w3layouts.com/demos_new/template_demo/14-05-2022/intelligence-liberty-demo_Free/510988441/web/assets/images/blog4.jpg]
[p.w3layouts.com/demos_new/template_demo/14-05-2022/intelligence-liberty-demo_Free/510988441/web/assets/images/blog5.jpg]
[p.w3layouts.com/demos_new/template_demo/14-05-2022/intelligence-liberty-demo_Free/510988441/web/assets/images/blog6.jpg]
[p.w3layouts.com/demos_new/template_demo/14-05-2022/intelligence-liberty-demo_Free/510988441/web/blog-nosidebar.html]
[p.w3layouts.com/demos_new/template_demo/14-05-2022/intelligence-liberty-demo_Free/510988441/web/blog-right-sidebar.html]
[p.w3layouts.com/demos_new/template_demo/14-05-2022/intelligence-liberty-demo_Free/510988441/web/blog-left-sidebar.html]
[p.w3layouts.com/demos_new/template_demo/14-05-2022/intelligence-liberty-demo_Free/510988441/web/blogsingle-nosidebar.html]
[p.w3layouts.com/demos_new/template_demo/14-05-2022/intelligence-liberty-demo_Free/510988441/web/blogsingle-right-sidebar.html]
[p.w3layouts.com/demos_new/template_demo/14-05-2022/intelligence-liberty-demo_Free/510988441/web/blogsingle-left-sidebar.html]
[p.w3layouts.com/demos_new/template_demo/14-05-2022/intelligence-liberty-demo_Free/510988441/web/error.html]
[p.w3layouts.com/demos_new/template_demo/14-05-2022/intelligence-liberty-demo_Free/510988441/web/blog-single.html]
[p.w3layouts.com/demos_new/template_demo/14-05-2022/intelligence-liberty-demo_Free/510988441/web/assets/images/fb.png]
[p.w3layouts.com/demos_new/template_demo/14-05-2022/intelligence-liberty-demo_Free/510988441/web/assets/images/tw.png]
[p.w3layouts.com/demos_new/template_demo/14-05-2022/intelligence-liberty-demo_Free/510988441/web/assets/images/db.png]
[p.w3layouts.com/demos_new/template_demo/14-05-2022/intelligence-liberty-demo_Free/510988441/web/email-template.html]
[p.w3layouts.com/demos_new/template_demo/14-05-2022/intelligence-liberty-demo_Free/510988441/web/landing-single.html]
[p.w3layouts.com/demos_new/template_demo/14-05-2022/intelligence-liberty-demo_Free/510988441/web/shortcodes.html]
[p.w3layouts.com/demos_new/template_demo/14-05-2022/intelligence-liberty-demo_Free/510988441/web/contact.html]
[p.w3layouts.com/demos_new/template_demo/14-05-2022/intelligence-liberty-demo_Free/510988441/web/assets/webfonts/fa-brands-400.svg]
[p.w3layouts.com/demos_new/template_demo/14-05-2022/intelligence-liberty-demo_Free/510988441/web/assets/webfonts/fa-regular-400.svg]
[p.w3layouts.com/demos_new/template_demo/14-05-2022/intelligence-liberty-demo_Free/510988441/web/assets/webfonts/fa-solid-900.svg]
[p.w3layouts.com/demos_new/template_demo/14-05-2022/intelligence-liberty-demo_Free/510988441/web/assets/css/owl.video.play.html]
[www.google-analytics.com/analytics.js]
[www.carbonads.net/ac/fancybar.4e7292.delayed]
[p.w3layouts.com/demos_new/template_demo/14-05-2022/intelligence-liberty-demo_Free/510988441/web/blog-single.html]
[www.carbonads.net/ac/fancybar7292.html]
